2026-09-07 17:14:27,293 INFO [공지사항] 키워드 불일치, 저장만 함: 2026년(7차) 폐렴 적정성 평가 세부시행계획 안내
2026-09-07 17:14:28,600 INFO [공지사항] 알림 발송: [행위 및 치료재료] 고시 제2026-165호 「선별급여 지정 및 실시 등에 관한 기준」 일부개정
2026-09-07 17:14:30,012 INFO [공지사항] 알림 발송: [행위 및 치료재료] 고시 제2026-166호 「요양급여의 적용기준 및 방법에 관한 세부사항」 일부개정
2026-09-07 17:14:31,293 INFO [공지사항] 알림 발송: [치료재료] 보건복지부 고시 제2026-167호「치료재료 급여․비급여 목록 및 급여상한금액표」 일부개정
2026-09-07 17:14:33,734 INFO [공지사항] 알림 발송: [행위] 고시 제2026-162호 「본인일부부담금 산정특례에 관한 기준」 일부개정
2026-09-07 17:14:35,064 INFO [공지사항] 알림 발송: [행위] 고시 제2026-169호 「요양급여의 적용기준 및 방법에 관한 세부사항」 일부개정
2026-09-07 17:14:35,067 INFO [공지사항] 키워드 불일치, 저장만 함: 2026년(2차) 영상검사 적정성 평가 세부시행계획 안내
2026-09-07 17:14:35,069 INFO [공지사항] 키워드 불일치, 저장만 함: [행위 공고] 클립을 사용한 경피적 경도관 승모판 재건술 공고 안내
2026-09-07 17:14:35,072 INFO [공지사항] 키워드 불일치, 저장만 함: [정신] [보건복지부 공고 제2026-622호] 제1기 3차 급성기 정신질환 집중치료병원 지정계획 공고
2026-09-07 17:14:35,075 INFO [공지사항] 키워드 불일치, 저장만 함: 개인정보 목적 외 이용 및 제공 내역(2026.7.1.~2026.7.31.)
2026-09-07 17:14:35,078 INFO [공지사항] 키워드 불일치, 저장만 함: [질병군] 행위 별도보상 코드목록(‘26.8.3.기준)
2026-09-07 17:14:35,081 INFO [공지사항] 키워드 불일치, 저장만 함: [질병군] 치료재료 별도보상 코드 목록('26.8.1. 기준)
2026-09-07 17:14:35,083 INFO [공지사항] 키워드 불일치, 저장만 함: 「국립암센터 특성화 기능 보상 시범사업」 개정 안내
2026-09-07 17:14:35,086 INFO [공지사항] 키워드 불일치, 저장만 함: 「국립중앙의료원 필수의료 특성화 기능 보상 시범사업」 지침 개정 안내
2026-09-07 17:14:35,088 INFO [공지사항] 키워드 불일치, 저장만 함: 건강보험심사평가원 홈페이지 정기점검 안내
2026-09-07 17:14:35,092 INFO [공지사항] 키워드 불일치, 저장만 함: 실시간 의료이용 관리 계획 안내
2026-09-07 17:14:35,094 INFO [공지사항] 키워드 불일치, 저장만 함: 실시간 의료이용 관리 제도 사전 설명회 개최 안내
2026-09-07 17:14:35,097 INFO [공지사항] 키워드 불일치, 저장만 함: 상급종합병원 구조전환 지원사업 관련 「전문 의뢰·회송 환자경험평가」 시행 안내
2026-09-07 17:14:35,100 INFO [공지사항] 키워드 불일치, 저장만 함: 2026년 의료기관 ESG경영 우수사례 및 아이디어 공모
2026-09-07 17:14:35,103 INFO [공지사항] 키워드 불일치, 저장만 함: 「2026년 의료 질 향상(QI)활동 우수사례 공모」 안내
2026-09-07 17:14:35,106 INFO [공지사항] 키워드 불일치, 저장만 함: 개인정보 목적 외 이용 및 제공 내역(2026.8.1.~2026.8.18.)
2026-09-07 17:14:35,108 INFO [공지사항] 키워드 불일치, 저장만 함: 2026년 의료질평가 지표값 통보 및 정정신청 안내
2026-09-07 17:14:35,111 INFO [공지사항] 키워드 불일치, 저장만 함: (부산) 2026년 제13기 요양병원 대상 「심사·평가 아카데미」 교육생 모집 안내
2026-09-07 17:14:35,114 INFO [공지사항] 키워드 불일치, 저장만 함: 「2026년(3차) 우울증 외래 적정성평가」 요양기관 온라인 설명회 안내
2026-09-07 17:14:35,117 INFO [공지사항] 키워드 불일치, 저장만 함: 「2026년(2주기 2차) 간암 적정성평가」 요양기관 온라인 설명회 안내
2026-09-07 17:14:35,120 INFO [공지사항] 키워드 불일치, 저장만 함: 「2026년(7차) 폐렴 적정성 평가」 요양기관 온라인 설명회 안내
2026-09-07 17:14:36,368 INFO [공지사항] 알림 발송: [행위] 고시 제2026-173호 「건강보험 행위 급여·비급여 목록표 및 급여 상대가치점수」 일부개정
2026-09-07 17:14:36,371 INFO [공지사항] 키워드 불일치, 저장만 함: 2026년(2차) 영상검사 적정성 평가 온라인 설명회 안내
2026-09-07 17:14:36,373 INFO [공지사항] 키워드 불일치, 저장만 함: 전기설비 안전진단에 따른 홈페이지 서비스 일시 중단 안내
2026-09-07 17:14:36,376 INFO [공지사항] 키워드 불일치, 저장만 함: 「2026년(1차) 슬관절치환술 적정성 평가」 요양기관 온라인 설명회 안내
2026-09-07 17:14:36,379 INFO [공지사항] 키워드 불일치, 저장만 함: 2026년도 급성기뇌졸중 적정성평가 온라인 설명회 안내
2026-09-07 17:14:36,381 INFO [공지사항] 키워드 불일치, 저장만 함: 첩약 시범사업 한약재 제품코드(2026.08.)
2026-09-07 17:14:37,661 INFO [공지사항] 알림 발송: [치료재료] 고시 제2026-178호 「요양급여의 적용기준 및 방법에 관한 세부사항」 일부개정
2026-09-07 17:14:38,939 INFO [공지사항] 알림 발송: [치료재료] 고시 제2026-179호 「선별급여 지정 및 실시 등에 관한 기준」일부개정
2026-09-07 17:14:40,207 INFO [공지사항] 알림 발송: [약제] 고시 제2026-176호 요양급여 적용기준 및 방법에 관한 세부사항 안내
2026-09-07 17:14:40,210 INFO [공지사항] 키워드 불일치, 저장만 함: 2026년 7월 의약품 ATC 코드 부여 안내
2026-09-07 17:14:40,212 INFO [공지사항] 키워드 불일치, 저장만 함: 2026년(2주기2차) 혈액투석 적정성 평가 조사표, 조사표 레이아웃 및 조혈제 목록 안내
2026-09-07 17:14:41,460 INFO [공지사항] 알림 발송: [행위] 고시 제2026-174호「건강보험 행위 급여ㆍ비급여 목록표 및 급여 상대가치점수」일부개정
2026-09-07 17:14:41,463 INFO [공지사항] 키워드 불일치, 저장만 함: [행위] 의·치과 수가파일('26.8.31.)_양전자방출단층촬영 동위원소 신설 등 안내(전체판 포함)
2026-09-07 17:14:42,734 INFO [공지사항] 알림 발송: [행위] 고시 제2026-182호 「요양급여의 적용기준 및 방법에 관한 세부사항」 일부개정
2026-09-07 17:14:42,737 INFO [공지사항] 키워드 불일치, 저장만 함: [약제] 보건복지부 공고 제2026-691호, "약제 상한금액 재평가 계획 공고 안내"
2026-09-07 17:14:42,740 INFO [공지사항] 키워드 불일치, 저장만 함: [질병군] 치료재료 별도보상 코드 목록('26.9.1.기준)
2026-09-07 17:14:42,742 INFO [공지사항] 키워드 불일치, 저장만 함: 개인정보 목적 외 이용 및 제공 내역(2026.8.1.~2026.8.31.)
2026-09-07 17:14:44,034 INFO [공지사항] 알림 발송: [행위 및 치료재료] 고시 제2026-184호 「선별급여 지정 및 실시 등에 관한 기준」 일부개정
2026-09-07 17:14:44,036 INFO [공지사항] 키워드 불일치, 저장만 함: 「농어촌 보건진료 수가 시범사업」 지침 개정 안내
2026-09-07 17:14:44,039 INFO [공지사항] 키워드 불일치, 저장만 함: 검체검사 위·수탁 제도 개편 관련 청구소프트웨어 공급업체 온라인 간담회 자료 게시
2026-09-07 17:14:45,322 INFO [공지사항] 알림 발송: [청구방법] 고시 제2026-183호 「요양급여비용 청구방법, 심사청구서·명세서서식 및 작성요령」 일부개정
2026-09-07 17:14:45,325 INFO [공지사항] 키워드 불일치, 저장만 함: 허가초과 약제 비급여 사용 승인·불승인 사례 공개
2026-09-07 17:14:45,327 INFO [공지사항] 키워드 불일치, 저장만 함: [보건복지부 공고 제2026-702호] 지역사회 일차의료 혁신 시범사업 참여기관 공모 결과 안내
2026-09-07 17:14:45,330 INFO [공지사항] 키워드 불일치, 저장만 함: 건강보험심사평가원 「개인정보 정보주체 권리행사 절차서」개정 안내
2026-09-07 17:14:47,659 INFO [보험인정기준-행위] 알림 발송: [행위] 고시 제2025-49호 「건강보험 행위 급여·비급여 목록표 및 급여 상대가치점수」 일부개정
2026-09-07 17:14:47,661 INFO [보험인정기준-행위] 키워드 불일치, 저장만 함: [행위] 의·치과, 한방 수가파일('25.4.1.시행 등)_6세 이상 16세 미만 소아가산 등 안내
2026-09-07 17:14:47,664 INFO [보험인정기준-행위] 키워드 불일치, 저장만 함: [행위] 의·치과 수가파일('25.4.1.시행)_외이재건술 관련 등(전체판 포함)
2026-09-07 17:14:48,981 INFO [보험인정기준-행위] 알림 발송: [행위] [별표 12] 가산 개정 관련 질의응답 안내 (고시 제2025-49, 61호 관련)
2026-09-07 17:14:48,985 INFO [보험인정기준-행위] 키워드 불일치, 저장만 함: [행위] 의·치과 수가파일('25.5.1.시행 등)_안저영상을 활용한 인공지능기반 이상 소견 확인 등(전체판 포함)
2026-09-07 17:14:50,264 INFO [보험인정기준-행위] 알림 발송: [행위] 고시 제2025-82호 「건강보험 행위 급여·비급여 목록표 및 급여 상대가치점수」 일부개정
2026-09-07 17:14:51,533 INFO [보험인정기준-행위] 알림 발송: [행위] 고시 제2025-96호 「건강보험 행위 급여·비급여 목록표 및 급여 상대가치점수」 일부개정
2026-09-07 17:14:51,537 INFO [보험인정기준-행위] 키워드 불일치, 저장만 함: [행위] 의·치과, 한방 수가파일('25.6.16.시행)_의·한 협진 5단계 시범사업
2026-09-07 17:14:51,539 INFO [보험인정기준-행위] 키워드 불일치, 저장만 함: [행위] 의·치과 수가파일('25.6.30.시행)_ 외과계 병원 응급 복부수술 지원 시범사업
2026-09-07 17:14:51,542 INFO [보험인정기준-행위] 키워드 불일치, 저장만 함: [행위] 의·치과 수가파일('25.7.1.시행)_ 선천성 심장질환 산소포화도 검사(선별) 등(전체판 포함)
2026-09-07 17:14:52,805 INFO [보험인정기준-행위] 알림 발송: [행위] 고시 제2025-113호「요양급여의 적용기준 및 방법에 관한 세부사항」일부개정
2026-09-07 17:14:54,178 INFO [보험인정기준-행위] 알림 발송: [행위] 고시 제2025-119호 「건강보험 행위 급여·비급여 목록표 및 급여 상대가치점수」 일부개정
2026-09-07 17:14:54,180 INFO [보험인정기준-행위] 키워드 불일치, 저장만 함: [행위] 의·치과 수가파일('25.8.1.시행)_포괄 2차 종합병원 지원사업 등_20250801 4P10' 수정완료 (전체판 포함)
2026-09-07 17:14:54,183 INFO [보험인정기준-행위] 키워드 불일치, 저장만 함: [행정해석]보건복지부 공고 제2025 - 624호, Burr, Saw등 절삭기류 치료재료 비용 산정 가능 행위 목록
2026-09-07 17:14:55,440 INFO [보험인정기준-행위] 알림 발송: [호스피스] 고시 제2025-142호「건강보험 행위 급여· 비급여 목록표 및 급여 상대가치점수」 일부개정
2026-09-07 17:14:55,443 INFO [보험인정기준-행위] 키워드 불일치, 저장만 함: [행위] 의·치과 수가파일('25.9.1.시행)_두경부 수술 및 피판작성술 등(전체판 포함)
2026-09-07 17:14:55,446 INFO [보험인정기준-행위] 키워드 불일치, 저장만 함: [행위] 의·치과 수가파일('25.9.1.시행)_상급종합병원 구조전환 지원사업
2026-09-07 17:14:56,740 INFO [보험인정기준-행위] 알림 발송: [행위] 고시 제2025-148호 「건강보험 행위 급여·비급여 목록표 및 급여 상대가치점수」 일부개정
2026-09-07 17:14:56,743 INFO [보험인정기준-행위] 키워드 불일치, 저장만 함: [행위] 의·치과 수가파일('25.9.22.시행)_급성기 정신질환 집중치료실 입원료 신설 등
2026-09-07 17:14:58,010 INFO [보험인정기준-행위] 알림 발송: [행위] 고시 제2025-162호 「요양급여의 적용기준 및 방법에 관한 세부사항」 일부개정
2026-09-07 17:14:58,013 INFO [보험인정기준-행위] 키워드 불일치, 저장만 함: [행위] 의·치과 수가파일('25.10.1시행)_비장경직도검사 등(전체판 포함)
2026-09-07 17:14:58,016 INFO [보험인정기준-행위] 키워드 불일치, 저장만 함: [행위] 의·치과,한방,약국 수가파일('25.10.3. 시행 등)_추석 연휴 대비 비상진료 한시 수가 지원방안 안내
2026-09-07 17:14:58,018 INFO [보험인정기준-행위] 키워드 불일치, 저장만 함: [행위] 의·치과,한방,약국 수가파일('25.10.7.시행 등)_추석 연휴 대비 비상진료 한시 수가 종료 안내
2026-09-07 17:14:58,021 INFO [보험인정기준-행위] 키워드 불일치, 저장만 함: [행위] 의·치과·한방 수가파일('25.11.1.)_비상진료지원방안에 따른 한시적 수가 종료 안내(전체판 포함)
2026-09-07 17:14:58,023 INFO [보험인정기준-행위] 키워드 불일치, 저장만 함: [행위] 의·치과,한방,약국 수가파일('26.1.1.)_2026년 점수당 단가 반영 관련 변경 등 안내
2026-09-07 17:14:58,026 INFO [보험인정기준-행위] 키워드 불일치, 저장만 함: [행위] 의·치과,한방 수가파일('25.12.29.등)_의료급여수가의 기준 및 일반기준 및 2026년 점수당 단가 반영 관련 변경(1장, 식대, 의료급여, 외과계 병원 응급 복부수술 지원사업) 안내
2026-09-07 17:14:59,305 INFO [보험인정기준-행위] 알림 발송: [행위] 고시 제2025-232호 「요양급여의 적용기준 및 방법에 관한 세부사항」일부개정
2026-09-07 17:15:00,584 INFO [보험인정기준-행위] 알림 발송: [행위] 고시 제2025-250호 「요양급여의 적용기준 및 방법에 관한 세부사항」 일부개정 (질의응답 추가)
2026-09-07 17:15:01,853 INFO [보험인정기준-행위] 알림 발송: [행위] 의·치과 수가파일('26.1.1.)_고시 제2025-249호, 250호 및 2026년 점수당 단가 반영 관련 변경 등 안내(전체판 포함)_15:15 수정완료
2026-09-07 17:15:01,856 INFO [보험인정기준-행위] 키워드 불일치, 저장만 함: [행위] 의·치과 수가파일('26.1.1.)_비상진료대책 종료 및 상급종합병원 구조전환 지원사업 등 안내(전체판 포함)
2026-09-07 17:15:01,859 INFO [보험인정기준-행위] 키워드 불일치, 저장만 함: [행위] 의·치과, 공상 수가파일('26.1.1. 등)_산업재해보상보험 요양급여 및 복강경·흉강경·관절경하 수술 (전체판 포함)
2026-09-07 17:15:01,862 INFO [보험인정기준-행위] 키워드 불일치, 저장만 함: [행위] 의·치과 수가파일('26.2.1.)_자궁내음압지혈술 등 안내(전체판 포함)
2026-09-07 17:15:03,127 INFO [보험인정기준-행위] 알림 발송: [행위] 고시 제2026-34호 「건강보험 행위 급여·비급여 목록표 및 급여 상대가치점수」 일부개정
2026-09-07 17:15:04,390 INFO [보험인정기준-행위] 알림 발송: [행위] 고시 제2026-35호 「선별급여 지정 및 실시 등에 관한 기준」 일부개정
2026-09-07 17:15:05,744 INFO [보험인정기준-행위] 알림 발송: [호스피스] 고시 제2026-39호「건강보험 행위 급여· 비급여 목록표 및 급여 상대가치점수」 일부개정
2026-09-07 17:15:07,105 INFO [보험인정기준-행위] 알림 발송: [행위] 고시 제2026-49호 「요양급여의 적용기준 및 방법에 관한 세부사항」 일부개정
2026-09-07 17:15:07,108 INFO [보험인정기준-행위] 키워드 불일치, 저장만 함: [행위] 의·치과 수가파일('26.3.1.)_가정형호스피스 수가개선 등 안내(전체판 포함)
2026-09-07 17:15:07,111 INFO [보험인정기준-행위] 키워드 불일치, 저장만 함: [행위] 의·치과 수가파일('26.3.9.)_ 일차의료 방문진료 시범사업
2026-09-07 17:15:07,114 INFO [보험인정기준-행위] 키워드 불일치, 저장만 함: [공상] 공상수가파일('26.3.25.시행)_「장애인보조기기 보험급여 기준 등 세부사항」일부개정에 따른 수가 신설
2026-09-07 17:15:07,117 INFO [보험인정기준-행위] 키워드 불일치, 저장만 함: [행위] 의·치과 수가파일('26.4.1.)_경피적 대동맥류내 다층구조 혈류 모듈레이터 삽입술 등 안내(전체판 포함)
2026-09-07 17:15:07,120 INFO [보험인정기준-행위] 키워드 불일치, 저장만 함: [행위] 의·치과 수가파일('26.5.1.)_심방세동의 펄스장절제술 등 안내(전체판 포함)
2026-09-07 17:15:07,123 INFO [보험인정기준-행위] 키워드 불일치, 저장만 함: [행위] 의·치과 수가파일('26.6.1.)_메타기억훈련 디지털 치료기기를 이용한 경도 인지장애 환자의 인지중재치료 등 안내(전체판 포함)
2026-09-07 17:15:07,126 INFO [보험인정기준-행위] 키워드 불일치, 저장만 함: [행위] 의·치과 수가파일('26.6.8.)_농어촌 보건진료 수가 시범사업
2026-09-07 17:15:07,129 INFO [보험인정기준-행위] 키워드 불일치, 저장만 함: [행위] 의·치과 수가파일('26.6.22.)_경피적 대동맥판삽입 등 안내
2026-09-07 17:15:07,132 INFO [보험인정기준-행위] 키워드 불일치, 저장만 함: [행위] 의·치과 수가파일('26.7.1.)_관리급여 신설 등 안내(전체판 포함)
2026-09-07 17:15:07,135 INFO [보험인정기준-행위] 키워드 불일치, 저장만 함: [행위] 의·치과 수가파일('26.7.1.)_재활의료기관 시범사업 등 안내
2026-09-07 17:15:07,138 INFO [보험인정기준-행위] 키워드 불일치, 저장만 함: [공상] 공상수가파일('26.7.1.시행)_「산업재해보상보험법 시행령」 일부개정에 따른 수가 신설 등
2026-09-07 17:15:08,442 INFO [보험인정기준-행위] 알림 발송: [행위] 고시 제2026-144호 「요양급여의 적용기준 및 방법에 관한 세부사항」 일부개정
2026-09-07 17:15:08,444 INFO [보험인정기준-행위] 키워드 불일치, 저장만 함: [행위] 의·치과 수가파일('26.7.31.)_비디오 두부충동검사 등 안내(전체판 포함)
2026-09-07 17:15:08,447 INFO [보험인정기준-행위] 키워드 불일치, 저장만 함: [행위] 의·치과 수가파일('26.8.31.)_양전자방출단층촬영 동위원소 신설 등 안내(전체판 포함)
2026-09-07 17:15:27,713 INFO [보험인정기준-치료재료] 알림 발송: [치료재료] 고시 제2024-98호「요양급여의 적용기준 및 방법에 관한 세부사항」일부개정
2026-09-07 17:15:29,000 INFO [보험인정기준-치료재료] 알림 발송: [치료재료] 고시 제2024-120호 「선별급여 지정 및 실시 등에 관한 기준」 일부개정
2026-09-07 17:15:30,268 INFO [보험인정기준-치료재료] 알림 발송: [치료재료] 고시 제2024-119호「치료재료 급여·비급여 목록 및 급여상한금액표」일부 개정(2024.7.1.고시)
2026-09-07 17:15:31,555 INFO [보험인정기준-치료재료] 알림 발송: [치료재료] 고시 제2024-153호「치료재료 급여·비급여 목록 및 급여상한금액표」일부 개정(2024.8.1.고시)
2026-09-07 17:15:32,855 INFO [보험인정기준-치료재료] 알림 발송: [치료재료] 고시 제2024-172호「치료재료 급여·비급여 목록 및 급여상한금액표」일부 개정(2024.9.1.고시)
2026-09-07 17:15:34,137 INFO [보험인정기준-치료재료] 알림 발송: [치료재료] 고시 제2024-190호「치료재료 급여·비급여 목록 및 급여상한금액표」일부 개정(2024.10.1.고시)
2026-09-07 17:15:35,423 INFO [보험인정기준-치료재료] 알림 발송: [치료재료] 고시 제2024-220호「치료재료 급여·비급여 목록 및 급여상한금액표」일부 개정(2024.11.1.고시)
2026-09-07 17:15:36,700 INFO [보험인정기준-치료재료] 알림 발송: [치료재료] 고시 제2024-224호「요양급여의 적용기준 및 방법에 관한 세부사항」일부개정
2026-09-07 17:15:37,973 INFO [보험인정기준-치료재료] 알림 발송: [치료재료] 고시 제2024-240호「치료재료 급여·비급여 목록 및 급여상한금액표」일부 개정(2024.12.1.고시)
2026-09-07 17:15:39,265 INFO [보험인정기준-치료재료] 알림 발송: [치료재료] 고시 제2024-285호「치료재료 급여·비급여 목록 및 급여상한금액표」일부 개정(2025.1.1.고시)
2026-09-07 17:15:40,533 INFO [보험인정기준-치료재료] 알림 발송: [치료재료] 고시 제2024-294호「요양급여의 적용기준 및 방법에 관한 세부사항」일부개정
2026-09-07 17:15:41,829 INFO [보험인정기준-치료재료] 알림 발송: [치료재료] 고시 제2025-21호「치료재료 급여·비급여 목록 및 급여상한금액표」일부 개정(2025.2.1.고시)
2026-09-07 17:15:43,114 INFO [보험인정기준-치료재료] 알림 발송: [치료재료] 고시 제2025-20호 「선별급여 지정 및 실시 등에 관한 기준」 일부개정
2026-09-07 17:15:44,396 INFO [보험인정기준-치료재료] 알림 발송: [치료재료] 고시 제2025-22호 「선별급여 지정 및 실시 등에 관한 기준」일부개정
2026-09-07 17:15:45,675 INFO [보험인정기준-치료재료] 알림 발송: [치료재료] 고시 제2025-38호「치료재료 급여·비급여 목록 및 급여상한금액표」일부 개정(2025.3.1.고시)
2026-09-07 17:15:46,994 INFO [보험인정기준-치료재료] 알림 발송: [치료재료] 고시 제2025-53호「치료재료 급여·비급여 목록 및 급여상한금액표」일부 개정(2025.4.1.고시)
2026-09-07 17:15:48,266 INFO [보험인정기준-치료재료] 알림 발송: [치료재료] 고시 제2025-56호 「요양급여의 적용기준 및 방법에 관한 세부사항」일부개정
2026-09-07 17:15:49,535 INFO [보험인정기준-치료재료] 알림 발송: [치료재료] 고시 제2025-75호「치료재료 급여·비급여 목록 및 급여상한금액표」일부 개정(2025.5.1.고시)
2026-09-07 17:15:50,850 INFO [보험인정기준-치료재료] 알림 발송: [치료재료] 고시 제2025-79호「요양급여의 적용기준 및 방법에 관한 세부사항」일부개정
2026-09-07 17:15:52,162 INFO [보험인정기준-치료재료] 알림 발송: [치료재료] 고시 제2025-89호「치료재료 급여·비급여 목록 및 급여상한금액표」일부 개정(2025.6.1.고시)
2026-09-07 17:15:53,418 INFO [보험인정기준-치료재료] 알림 발송: [치료재료] 고시 제2025-92호 「요양급여의 적용기준 및 방법에 관한 세부사항」 일부개정
2026-09-07 17:15:54,691 INFO [보험인정기준-치료재료] 알림 발송: [치료재료] 고시 제2025-104호「치료재료 급여·비급여 목록 및 급여상한금액표」일부 개정(2025.7.1.고시)
